// Jest Snapshot v1, https://goo.gl/fbAQLP

exports[`<Application /> render without crashing 1`] = `
.emotion-0 {
  -webkit-box-flex: 1;
  -webkit-flex-grow: 1;
  -ms-flex-positive: 1;
  flex-grow: 1;
}

.emotion-1 {
  display: -webkit-box;
  display: -webkit-flex;
  display: -ms-flexbox;
  display: flex;
  -webkit-box-flex-wrap: wrap;
  -webkit-flex-wrap: wrap;
  -ms-flex-wrap: wrap;
  flex-wrap: wrap;
  margin: 0px;
  width: calc(100% + 0px);
}

.emotion-1>div {
  padding: 0px;
}

.emotion-2 {
  box-sizing: border-box;
  max-width: 100%;
  min-height: 1px;
  position: relative;
}

@media only screen and (min-width:0 px) {
  .emotion-2 {
    -webkit-box-flex: 0;
    -webkit-flex-grow: 0;
    -ms-flex-positive: 0;
    flex-grow: 0;
    max-width: 100%;
    -webkit-flex-basis: 100%;
    -ms-flex-preferred-size: 100%;
    flex-basis: 100%;
  }
}

@media only screen and (min-width:480px) {
  .emotion-2 {
    -webkit-box-flex: 0;
    -webkit-flex-grow: 0;
    -ms-flex-positive: 0;
    flex-grow: 0;
    max-width: 100%;
    -webkit-flex-basis: 100%;
    -ms-flex-preferred-size: 100%;
    flex-basis: 100%;
  }
}

@media only screen and (min-width:760px) {
  .emotion-2 {
    -webkit-box-flex: 0;
    -webkit-flex-grow: 0;
    -ms-flex-positive: 0;
    flex-grow: 0;
    max-width: 100%;
    -webkit-flex-basis: 100%;
    -ms-flex-preferred-size: 100%;
    flex-basis: 100%;
  }
}

@media only screen and (min-width:960px) {
  .emotion-2 {
    -webkit-box-flex: 0;
    -webkit-flex-grow: 0;
    -ms-flex-positive: 0;
    flex-grow: 0;
    max-width: 100%;
    -webkit-flex-basis: 100%;
    -ms-flex-preferred-size: 100%;
    flex-basis: 100%;
  }
}

@media only screen and (min-width:1280px) {
  .emotion-2 {
    -webkit-box-flex: 0;
    -webkit-flex-grow: 0;
    -ms-flex-positive: 0;
    flex-grow: 0;
    max-width: 100%;
    -webkit-flex-basis: 100%;
    -ms-flex-preferred-size: 100%;
    flex-basis: 100%;
  }
}

@media only screen and (min-width:1600px) {
  .emotion-2 {
    -webkit-box-flex: 0;
    -webkit-flex-grow: 0;
    -ms-flex-positive: 0;
    flex-grow: 0;
    max-width: 100%;
    -webkit-flex-basis: 100%;
    -ms-flex-preferred-size: 100%;
    flex-basis: 100%;
  }
}

.emotion-3 {
  min-height: 100vh;
  background: #6a899c;
  -webkit-flex-direction: column;
  -ms-flex-direction: column;
  flex-direction: column;
  overflow: hidden;
  margin-left: 10px;
  position: relative;
}

<div
  data-testid="applicationContainer"
>
   
  <div>
    <button>
      English
    </button>
    <button>
      Polish
    </button>
    <div
      class="emotion-0"
    >
      <div
        class="emotion-1"
      >
        <div
          class="emotion-2"
        >
          <div
            class="emotion-3"
          >
            <button>
              |||
            </button>
          </div>
        </div>
      </div>
    </div>
  </div>
</div>
`;
